<html>
<body>
<pre>
<h1>礦ision Build Log</h1>
<h2>Project:</h2>
F:\qf\MCU\模块资料\8-OLED显示屏\中景园电子0.96OLED显示屏测试程序\中景园电子0.96OLED显示屏_STM32_F103C8系列_SPI_例程\USER\OLED.uvproj
Project File Date:  11/01/2015

<h2>Output:</h2>
Build target 'Target 1'
compiling main.c...
linking...
Program Size: Code=5952 RO-data=2408 RW-data=2548 ZI-data=1836  
FromELF: creating hex file...
"..\OBJ\OLED.axf" - 0 Error(s), 0 Warning(s).
Load "..\\OBJ\\OLED.axf" 
Erase Done.
Programming Done.
Verify OK.
</pre>
</body>
</html>

compiling stm32f10x_usart.c...
linking...
Program Size: Code=5960 RO-data=2408 RW-data=2548 ZI-data=1836  
FromELF: creating hex file...
"..\OBJ\OLED.axf" - 0 Error(s), 0 Warning(s).
Load "..\\OBJ\\OLED.axf" 
Error: Flash Download failed  -  Target DLL has been cancelled
Load "..\\OBJ\\OLED.axf" 
Erase Done.
Programming Done.
Verify OK.
, 1 error
compiling system_stm32f10x.c...
stm32f10x.h(298): error:  #67: expected a "}"
    ADC1_2_IRQn                 = 18,     /*!< ADC1 and ADC2 global Interrupt                       */
stm32f10x.h(472): warning:  #12-D: parsing restarts here after previous syntax error
  } IRQn_Type;
system_stm32f10x.c: 1 warning, 1 error
compiling oled.c...
..\USER\stm32f10x.h(298): error:  #67: expected a "}"
    ADC1_2_IRQn                 = 18,     /*!< ADC1 and ADC2 global Interrupt                       */
..\USER\stm32f10x.h(472): warning:  #12-D: parsing restarts here after previous syntax error
  } IRQn_Type;
..\HARDWARE\OLED\oled.c: 1 warning, 1 error
compiling delay.c...
..\USER\stm32f10x.h(298): error:  #67: expected a "}"
    ADC1_2_IRQn                 = 18,     /*!< ADC1 and ADC2 global Interrupt                       */
..\USER\stm32f10x.h(472): warning:  #12-D: parsing restarts here after previous syntax error
  } IRQn_Type;
..\SYSTEM\delay\delay.c: 1 warning, 1 error
compiling sys.c...
..\USER\stm32f10x.h(298): error:  #67: expected a "}"
    ADC1_2_IRQn                 = 18,     /*!< ADC1 and ADC2 global Interrupt                       */
..\USER\stm32f10x.h(472): warning:  #12-D: parsing restarts here after previous syntax error
  } IRQn_Type;
..\SYSTEM\sys\sys.c: 1 warning, 1 error
compiling usart.c...
..\USER\stm32f10x.h(298): error:  #67: expected a "}"
    ADC1_2_IRQn                 = 18,     /*!< ADC1 and ADC2 global Interrupt                       */
..\USER\stm32f10x.h(472): warning:  #12-D: parsing restarts here after previous syntax error
  } IRQn_Type;
..\SYSTEM\usart\usart.c: 1 warning, 1 error
compiling misc.c...
..\USER\stm32f10x.h(298): error:  #67: expected a "}"
    ADC1_2_IRQn                 = 18,     /*!< ADC1 and ADC2 global Interrupt                       */
..\USER\stm32f10x.h(472): warning:  #12-D: parsing restarts here after previous syntax error
  } IRQn_Type;
..\STM32F10x_FWLib\src\misc.c: 1 warning, 1 error
compiling stm32f10x_gpio.c...
..\USER\stm32f10x.h(298): error:  #67: expected a "}"
    ADC1_2_IRQn                 = 18,     /*!< ADC1 and ADC2 global Interrupt                       */
..\USER\stm32f10x.h(472): warning:  #12-D: parsing restarts here after previous syntax error
  } IRQn_Type;
..\STM32F10x_FWLib\src\stm32f10x_gpio.c: 1 warning, 1 error
compiling stm32f10x_rcc.c...
..\USER\stm32f10x.h(298): error:  #67: expected a "}"
    ADC1_2_IRQn                 = 18,     /*!< ADC1 and ADC2 global Interrupt                       */
..\USER\stm32f10x.h(472): warning:  #12-D: parsing restarts here after previous syntax error
  } IRQn_Type;
..\STM32F10x_FWLib\src\stm32f10x_rcc.c: 1 warning, 1 error
compiling stm32f10x_usart.c...
..\USER\stm32f10x.h(298): error:  #67: expected a "}"
    ADC1_2_IRQn                 = 18,     /*!< ADC1 and ADC2 global Interrupt                       */
..\USER\stm32f10x.h(472): warning:  #12-D: parsing restarts here after previous syntax error
  } IRQn_Type;
..\STM32F10x_FWLib\src\stm32f10x_usart.c: 1 warning, 1 error
"..\OBJ\OLED.axf" - 11 Error(s), 11 Warning(s).
Target not created
J\OLED.axf" - 11 Error(s), 11 Warning(s).
Target not created
