<html>
<body>
<pre>
<h1>µVision Build Log</h1>
<h2>Project:</h2>
F:\qf\git\mcu_stm32\MDK-ARM\demo1.uvprojx
Project File Date:  02/18/2023

<h2>Output:</h2>
Rebuild target 'demo1'
compiling main.c...
compiling key_exti.c...
compiling led.c...
compiling pwm.c...
compiling uart.c...
compiling uart_dma.c...
compiling dma.c...
compiling oled.c...
compiling sys.c...
compiling misc.c...
compiling stm32f10x_adc.c...
compiling stm32f10x_bkp.c...
compiling stm32f10x_can.c...
compiling stm32f10x_cec.c...
compiling stm32f10x_crc.c...
compiling stm32f10x_dac.c...
compiling stm32f10x_dbgmcu.c...
compiling stm32f10x_dma.c...
compiling stm32f10x_exti.c...
compiling stm32f10x_flash.c...
compiling stm32f10x_fsmc.c...
compiling stm32f10x_gpio.c...
compiling stm32f10x_i2c.c...
compiling stm32f10x_iwdg.c...
compiling stm32f10x_pwr.c...
compiling stm32f10x_rcc.c...
compiling stm32f10x_rtc.c...
compiling stm32f10x_sdio.c...
compiling stm32f10x_spi.c...
compiling stm32f10x_tim.c...
compiling stm32f10x_usart.c...
compiling stm32f10x_wwdg.c...
compiling core_cm3.c...
compiling system_stm32f10x.c...
assembling startup_stm32f10x_md.s...
linking...
Program Size: Code=7018 RO-data=2342 RW-data=2672 ZI-data=1760  
FromELF: creating hex file...
".\Objects\demo1.axf" - 0 Error(s), 0 Warning(s).
Load "F:\\qf\\git\\mcu_stm32\\MDK-ARM\\Objects\\demo1.axf" 
Erase Done.
Programming Done.
Verify OK.
</pre>
</body>
</html>
