<html>
<body>
<pre>
<h1>µVision Build Log</h1>
<h2>Project:</h2>
F:\qf\git\mcu_stm32\MDK-ARM\demo1.uvprojx
Project File Date:  02/19/2023

<h2>Output:</h2>
Build target 'demo1'
compiling main.c...
linking...
Program Size: Code=7944 RO-data=2360 RW-data=640 ZI-data=1888  
FromELF: creating hex file...
".\Objects\demo1.axf" - 0 Error(s), 0 Warning(s).
Load "F:\\qf\\git\\mcu_stm32\\MDK-ARM\\Objects\\demo1.axf" 
Erase Done.
Programming Done.
Verify OK.
</pre>
</body>
</html>
 hex file...
".\Objects\demo1.axf" - 0 Error(s), 1 Warning(s).

Load "F:\\qf\\git\\mcu_stm32\\MDK-ARM\\Objects\\demo1.axf" 
Erase Done.
Programming Done.
Verify OK.

Objects\demo1.axf" - 1 Error(s), 2 Warning(s).
Target not created
ms" declared implicitly
                delay_ms(1000);         
..\USER\src\led.c(40): warning:  #223-D: function "delay_ms" declared implicitly
                delay_ms(1000);
..\USER\src\led.c: 2 warnings, 0 errors
compiling oled.c...
..\USER\src\oled.c(260): warning:  #223-D: function "delay_ms" declared implicitly
        delay_ms(100);
..\USER\src\oled.c: 1 warning, 0 errors
compiling delay.c...
linking...
Program Size: Code=7142 RO-data=2342 RW-data=640 ZI-data=1760  
FromELF: creating hex file...
".\Objects\demo1.axf" - 0 Error(s), 6 Warning(s).
